../Core/Src/main.c:63:6:delay	16	static
../Core/Src/main.c:69:6:Display_Temp	40	static
../Core/Src/main.c:79:6:Display_Rh	40	static
../Core/Src/main.c:96:6:Set_Pin_Output	40	static
../Core/Src/main.c:105:6:Set_Pin_Input	40	static
../Core/Src/main.c:117:6:DHT11_Start	8	static
../Core/Src/main.c:131:9:DHT11_Check_Response	16	static
../Core/Src/main.c:148:9:DHT11_Read	16	static
../Core/Src/main.c:170:5:main	8	static
../Core/Src/main.c:287:6:SystemClock_Config	88	static
../Core/Src/main.c:331:1:HAL_GPIO_EXTI_Callback	16	static
../Core/Src/main.c:342:6:Error_Handler	4	static,ignoring_inline_asm
